Archive member included to satisfy reference by file (symbol)

c:/st/stm32cubeide_1.3.0/stm32cubeide/plugins/com.st.stm32cube.ide.mcu.externaltools.gnu-tools-for-stm32.7-2018-q2-update.win32_1.0.0.201904181610/tools/bin/../lib/gcc/arm-none-eabi/7.3.1/../../../../arm-none-eabi/lib/thumb/v7-m\libc_nano.a(lib_a-errno.o)
                              Core/Src/syscalls.o (__errno)
c:/st/stm32cubeide_1.3.0/stm32cubeide/plugins/com.st.stm32cube.ide.mcu.externaltools.gnu-tools-for-stm32.7-2018-q2-update.win32_1.0.0.201904181610/tools/bin/../lib/gcc/arm-none-eabi/7.3.1/../../../../arm-none-eabi/lib/thumb/v7-m\libc_nano.a(lib_a-exit.o)
                              c:/st/stm32cubeide_1.3.0/stm32cubeide/plugins/com.st.stm32cube.ide.mcu.externaltools.gnu-tools-for-stm32.7-2018-q2-update.win32_1.0.0.201904181610/tools/bin/../lib/gcc/arm-none-eabi/7.3.1/../../../../arm-none-eabi/lib/thumb/v7-m/crt0.o (exit)
c:/st/stm32cubeide_1.3.0/stm32cubeide/plugins/com.st.stm32cube.ide.mcu.externaltools.gnu-tools-for-stm32.7-2018-q2-update.win32_1.0.0.201904181610/tools/bin/../lib/gcc/arm-none-eabi/7.3.1/../../../../arm-none-eabi/lib/thumb/v7-m\libc_nano.a(lib_a-impure.o)
                              c:/st/stm32cubeide_1.3.0/stm32cubeide/plugins/com.st.stm32cube.ide.mcu.externaltools.gnu-tools-for-stm32.7-2018-q2-update.win32_1.0.0.201904181610/tools/bin/../lib/gcc/arm-none-eabi/7.3.1/../../../../arm-none-eabi/lib/thumb/v7-m\libc_nano.a(lib_a-exit.o) (_global_impure_ptr)
c:/st/stm32cubeide_1.3.0/stm32cubeide/plugins/com.st.stm32cube.ide.mcu.externaltools.gnu-tools-for-stm32.7-2018-q2-update.win32_1.0.0.201904181610/tools/bin/../lib/gcc/arm-none-eabi/7.3.1/../../../../arm-none-eabi/lib/thumb/v7-m\libc_nano.a(lib_a-init.o)
                              c:/st/stm32cubeide_1.3.0/stm32cubeide/plugins/com.st.stm32cube.ide.mcu.externaltools.gnu-tools-for-stm32.7-2018-q2-update.win32_1.0.0.201904181610/tools/bin/../lib/gcc/arm-none-eabi/7.3.1/../../../../arm-none-eabi/lib/thumb/v7-m/crt0.o (__libc_init_array)
c:/st/stm32cubeide_1.3.0/stm32cubeide/plugins/com.st.stm32cube.ide.mcu.externaltools.gnu-tools-for-stm32.7-2018-q2-update.win32_1.0.0.201904181610/tools/bin/../lib/gcc/arm-none-eabi/7.3.1/../../../../arm-none-eabi/lib/thumb/v7-m\libc_nano.a(lib_a-memcpy-stub.o)
                              Drivers/FreeRTOS/queue.o (memcpy)
c:/st/stm32cubeide_1.3.0/stm32cubeide/plugins/com.st.stm32cube.ide.mcu.externaltools.gnu-tools-for-stm32.7-2018-q2-update.win32_1.0.0.201904181610/tools/bin/../lib/gcc/arm-none-eabi/7.3.1/../../../../arm-none-eabi/lib/thumb/v7-m\libc_nano.a(lib_a-memset.o)
                              c:/st/stm32cubeide_1.3.0/stm32cubeide/plugins/com.st.stm32cube.ide.mcu.externaltools.gnu-tools-for-stm32.7-2018-q2-update.win32_1.0.0.201904181610/tools/bin/../lib/gcc/arm-none-eabi/7.3.1/../../../../arm-none-eabi/lib/thumb/v7-m/crt0.o (memset)

Allocating common symbols
Common symbol       size              file

uwTick              0x4               Drivers/STM32F1xx_HAL_Driver/Src/stm32f1xx_hal.o
taskLedHandle       0x4               Core/Src/main.o
pFlash              0x20              Drivers/STM32F1xx_HAL_Driver/Src/stm32f1xx_hal_flash.o
htim1               0x40              Core/Src/stm32f1xx_hal_timebase_tim.o

Discarded input sections

 .text          0x0000000000000000        0x0 c:/st/stm32cubeide_1.3.0/stm32cubeide/plugins/com.st.stm32cube.ide.mcu.externaltools.gnu-tools-for-stm32.7-2018-q2-update.win32_1.0.0.201904181610/tools/bin/../lib/gcc/arm-none-eabi/7.3.1/thumb/v7-m/crti.o
 .data          0x0000000000000000        0x0 c:/st/stm32cubeide_1.3.0/stm32cubeide/plugins/com.st.stm32cube.ide.mcu.externaltools.gnu-tools-for-stm32.7-2018-q2-update.win32_1.0.0.201904181610/tools/bin/../lib/gcc/arm-none-eabi/7.3.1/thumb/v7-m/crti.o
 .bss           0x0000000000000000        0x0 c:/st/stm32cubeide_1.3.0/stm32cubeide/plugins/com.st.stm32cube.ide.mcu.externaltools.gnu-tools-for-stm32.7-2018-q2-update.win32_1.0.0.201904181610/tools/bin/../lib/gcc/arm-none-eabi/7.3.1/thumb/v7-m/crti.o
 .data          0x0000000000000000        0x4 c:/st/stm32cubeide_1.3.0/stm32cubeide/plugins/com.st.stm32cube.ide.mcu.externaltools.gnu-tools-for-stm32.7-2018-q2-update.win32_1.0.0.201904181610/tools/bin/../lib/gcc/arm-none-eabi/7.3.1/thumb/v7-m/crtbegin.o
 .text          0x0000000000000000       0x74 c:/st/stm32cubeide_1.3.0/stm32cubeide/plugins/com.st.stm32cube.ide.mcu.externaltools.gnu-tools-for-stm32.7-2018-q2-update.win32_1.0.0.201904181610/tools/bin/../lib/gcc/arm-none-eabi/7.3.1/../../../../arm-none-eabi/lib/thumb/v7-m/crt0.o
 .data          0x0000000000000000        0x0 c:/st/stm32cubeide_1.3.0/stm32cubeide/plugins/com.st.stm32cube.ide.mcu.externaltools.gnu-tools-for-stm32.7-2018-q2-update.win32_1.0.0.201904181610/tools/bin/../lib/gcc/arm-none-eabi/7.3.1/../../../../arm-none-eabi/lib/thumb/v7-m/crt0.o
[...]
Memory Configuration

Name             Origin             Length             Attributes
RAM              0x0000000020000000 0x0000000000005000 xrw
FLASH            0x0000000008000000 0x0000000000010000 xr
*default*        0x0000000000000000 0xffffffffffffffff

Linker script and memory map

LOAD c:/st/stm32cubeide_1.3.0/stm32cubeide/plugins/com.st.stm32cube.ide.mcu.externaltools.gnu-tools-for-stm32.7-2018-q2-update.win32_1.0.0.201904181610/tools/bin/../lib/gcc/arm-none-eabi/7.3.1/thumb/v7-m/crti.o
LOAD c:/st/stm32cubeide_1.3.0/stm32cubeide/plugins/com.st.stm32cube.ide.mcu.externaltools.gnu-tools-for-stm32.7-2018-q2-update.win32_1.0.0.201904181610/tools/bin/../lib/gcc/arm-none-eabi/7.3.1/thumb/v7-m/crtbegin.o
LOAD c:/st/stm32cubeide_1.3.0/stm32cubeide/plugins/com.st.stm32cube.ide.mcu.externaltools.gnu-tools-for-stm32.7-2018-q2-update.win32_1.0.0.201904181610/tools/bin/../lib/gcc/arm-none-eabi/7.3.1/../../../../arm-none-eabi/lib/thumb/v7-m/crt0.o
LOAD Core/Src/main.o
LOAD Core/Src/stm32f1xx_hal_msp.o
LOAD Core/Src/stm32f1xx_hal_timebase_tim.o
LOAD Core/Src/stm32f1xx_it.o
LOAD Core/Src/syscalls.o
LOAD Core/Src/sysmem.o
LOAD Core/Src/system_stm32f1xx.o
LOAD Core/Startup/startup_stm32f103c8tx.o
LOAD Drivers/FreeRTOS/croutine.o
LOAD Drivers/FreeRTOS/event_groups.o
LOAD Drivers/FreeRTOS/list.o
LOAD Drivers/FreeRTOS/queue.o
LOAD Drivers/FreeRTOS/stream_buffer.o
LOAD Drivers/FreeRTOS/tasks.o
LOAD Drivers/FreeRTOS/timers.o
LOAD Drivers/FreeRTOS/portable/Common/mpu_wrappers.o
LOAD Drivers/FreeRTOS/portable/GCC/ARM_CM3/port.o
LOAD Drivers/FreeRTOS/portable/MemMang/heap_2.o
LOAD Drivers/STM32F1xx_HAL_Driver/Src/stm32f1xx_hal.o
LOAD Drivers/STM32F1xx_HAL_Driver/Src/stm32f1xx_hal_cortex.o
LOAD Drivers/STM32F1xx_HAL_Driver/Src/stm32f1xx_hal_dma.o
LOAD Drivers/STM32F1xx_HAL_Driver/Src/stm32f1xx_hal_exti.o
LOAD Drivers/STM32F1xx_HAL_Driver/Src/stm32f1xx_hal_flash.o
LOAD Drivers/STM32F1xx_HAL_Driver/Src/stm32f1xx_hal_flash_ex.o
LOAD Drivers/STM32F1xx_HAL_Driver/Src/stm32f1xx_hal_gpio.o
LOAD Drivers/STM32F1xx_HAL_Driver/Src/stm32f1xx_hal_gpio_ex.o
LOAD Drivers/STM32F1xx_HAL_Driver/Src/stm32f1xx_hal_pwr.o
LOAD Drivers/STM32F1xx_HAL_Driver/Src/stm32f1xx_hal_rcc.o
LOAD Drivers/STM32F1xx_HAL_Driver/Src/stm32f1xx_hal_rcc_ex.o
LOAD Drivers/STM32F1xx_HAL_Driver/Src/stm32f1xx_hal_tim.o
LOAD Drivers/STM32F1xx_HAL_Driver/Src/stm32f1xx_hal_tim_ex.o
START GROUP
LOAD c:/st/stm32cubeide_1.3.0/stm32cubeide/plugins/com.st.stm32cube.ide.mcu.externaltools.gnu-tools-for-stm32.7-2018-q2-update.win32_1.0.0.201904181610/tools/bin/../lib/gcc/arm-none-eabi/7.3.1/../../../../arm-none-eabi/lib/thumb/v7-m\libc_nano.a
LOAD c:/st/stm32cubeide_1.3.0/stm32cubeide/plugins/com.st.stm32cube.ide.mcu.externaltools.gnu-tools-for-stm32.7-2018-q2-update.win32_1.0.0.201904181610/tools/bin/../lib/gcc/arm-none-eabi/7.3.1/../../../../arm-none-eabi/lib/thumb/v7-m\libm.a
END GROUP
START GROUP
LOAD c:/st/stm32cubeide_1.3.0/stm32cubeide/plugins/com.st.stm32cube.ide.mcu.externaltools.gnu-tools-for-stm32.7-2018-q2-update.win32_1.0.0.201904181610/tools/bin/../lib/gcc/arm-none-eabi/7.3.1/thumb/v7-m\libgcc.a
LOAD c:/st/stm32cubeide_1.3.0/stm32cubeide/plugins/com.st.stm32cube.ide.mcu.externaltools.gnu-tools-for-stm32.7-2018-q2-update.win32_1.0.0.201904181610/tools/bin/../lib/gcc/arm-none-eabi/7.3.1/../../../../arm-none-eabi/lib/thumb/v7-m\libc_nano.a
END GROUP
START GROUP
LOAD c:/st/stm32cubeide_1.3.0/stm32cubeide/plugins/com.st.stm32cube.ide.mcu.externaltools.gnu-tools-for-stm32.7-2018-q2-update.win32_1.0.0.201904181610/tools/bin/../lib/gcc/arm-none-eabi/7.3.1/thumb/v7-m\libgcc.a
LOAD c:/st/stm32cubeide_1.3.0/stm32cubeide/plugins/com.st.stm32cube.ide.mcu.externaltools.gnu-tools-for-stm32.7-2018-q2-update.win32_1.0.0.201904181610/tools/bin/../lib/gcc/arm-none-eabi/7.3.1/../../../../arm-none-eabi/lib/thumb/v7-m\libc_nano.a
LOAD c:/st/stm32cubeide_1.3.0/stm32cubeide/plugins/com.st.stm32cube.ide.mcu.externaltools.gnu-tools-for-stm32.7-2018-q2-update.win32_1.0.0.201904181610/tools/bin/../lib/gcc/arm-none-eabi/7.3.1/../../../../arm-none-eabi/lib/thumb/v7-m\libnosys.a
END GROUP
START GROUP
LOAD c:/st/stm32cubeide_1.3.0/stm32cubeide/plugins/com.st.stm32cube.ide.mcu.externaltools.gnu-tools-for-stm32.7-2018-q2-update.win32_1.0.0.201904181610/tools/bin/../lib/gcc/arm-none-eabi/7.3.1/thumb/v7-m\libgcc.a
LOAD c:/st/stm32cubeide_1.3.0/stm32cubeide/plugins/com.st.stm32cube.ide.mcu.externaltools.gnu-tools-for-stm32.7-2018-q2-update.win32_1.0.0.201904181610/tools/bin/../lib/gcc/arm-none-eabi/7.3.1/../../../../arm-none-eabi/lib/thumb/v7-m\libc_nano.a
LOAD c:/st/stm32cubeide_1.3.0/stm32cubeide/plugins/com.st.stm32cube.ide.mcu.externaltools.gnu-tools-for-stm32.7-2018-q2-update.win32_1.0.0.201904181610/tools/bin/../lib/gcc/arm-none-eabi/7.3.1/../../../../arm-none-eabi/lib/thumb/v7-m\libnosys.a
END GROUP
LOAD c:/st/stm32cubeide_1.3.0/stm32cubeide/plugins/com.st.stm32cube.ide.mcu.externaltools.gnu-tools-for-stm32.7-2018-q2-update.win32_1.0.0.201904181610/tools/bin/../lib/gcc/arm-none-eabi/7.3.1/thumb/v7-m/crtend.o
LOAD c:/st/stm32cubeide_1.3.0/stm32cubeide/plugins/com.st.stm32cube.ide.mcu.externaltools.gnu-tools-for-stm32.7-2018-q2-update.win32_1.0.0.201904181610/tools/bin/../lib/gcc/arm-none-eabi/7.3.1/thumb/v7-m/crtn.o
                0x0000000020005000                _estack = (ORIGIN (RAM) + LENGTH (RAM))
                0x0000000000000200                _Min_Heap_Size = 0x200
                0x0000000000000400                _Min_Stack_Size = 0x400

.isr_vector     0x0000000008000000      0x10c
                0x0000000008000000                . = ALIGN (0x4)
 *(.isr_vector)
 .isr_vector    0x0000000008000000      0x10c Core/Startup/startup_stm32f103c8tx.o
                0x0000000008000000                g_pfnVectors
                0x000000000800010c                . = ALIGN (0x4)

.text           0x0000000008000110     0x2434
                0x0000000008000110                . = ALIGN (0x4)
 *(.text)
 .text          0x0000000008000110       0x40 c:/st/stm32cubeide_1.3.0/stm32cubeide/plugins/com.st.stm32cube.ide.mcu.externaltools.gnu-tools-for-stm32.7-2018-q2-update.win32_1.0.0.201904181610/tools/bin/../lib/gcc/arm-none-eabi/7.3.1/thumb/v7-m/crtbegin.o
 *(.text*)
 .text.SystemClock_Config
                0x0000000008000150       0x8a Core/Src/main.o
                0x0000000008000150                SystemClock_Config
 *fill*         0x00000000080001da        0x2 
 .text.MX_GPIO_Init
                0x00000000080001dc       0x98 Core/Src/main.o
 .text.main     0x0000000008000274       0x38 Core/Src/main.o
                0x0000000008000274                main
 .text.taskLed  0x00000000080002ac       0x34 Core/Src/main.o
                0x00000000080002ac                taskLed
 .text.HAL_TIM_PeriodElapsedCallback
                0x00000000080002e0       0x24 Core/Src/main.o
                0x00000000080002e0                HAL_TIM_PeriodElapsedCallback
 .text.Error_Handler
                0x0000000008000304        0x6 Core/Src/main.o
                0x0000000008000304                Error_Handler
 *fill*         0x000000000800030a        0x2 
 .text.HAL_MspInit
                0x000000000800030c       0x64 Core/Src/stm32f1xx_hal_msp.o
                0x000000000800030c                HAL_MspInit
 .text.HAL_InitTick
                0x0000000008000370       0xac Core/Src/stm32f1xx_hal_timebase_tim.o
                0x0000000008000370                HAL_InitTick
 .text.NMI_Handler
                0x000000000800041c        0xc Core/Src/stm32f1xx_it.o
                0x000000000800041c                NMI_Handler
 .text.HardFault_Handler
                0x0000000008000428        0x6 Core/Src/stm32f1xx_it.o
                0x0000000008000428                HardFault_Handler
 .text.MemManage_Handler
                0x000000000800042e        0x6 Core/Src/stm32f1xx_it.o
                0x000000000800042e                MemManage_Handler
 .text.BusFault_Handler
                0x0000000008000434        0x6 Core/Src/stm32f1xx_it.o
                0x0000000008000434                BusFault_Handler
 .text.UsageFault_Handler
                0x000000000800043a        0x6 Core/Src/stm32f1xx_it.o
                0x000000000800043a                UsageFault_Handler
 .text.DebugMon_Handler
                0x0000000008000440        0xc Core/Src/stm32f1xx_it.o
                0x0000000008000440                DebugMon_Handler
 .text.TIM1_UP_IRQHandler
                0x000000000800044c       0x14 Core/Src/stm32f1xx_it.o
                0x000000000800044c                TIM1_UP_IRQHandler
 .text.SystemInit
                0x0000000008000460       0x68 Core/Src/system_stm32f1xx.o
                0x0000000008000460                SystemInit
 .text.Reset_Handler
                0x00000000080004c8       0x48 Core/Startup/startup_stm32f103c8tx.o
                0x00000000080004c8                Reset_Handler
 .text.Default_Handler
                0x0000000008000510        0x2 Core/Startup/startup_stm32f103c8tx.o
                0x0000000008000510                RTC_Alarm_IRQHandler
                0x0000000008000510                EXTI2_IRQHandler
                0x0000000008000510                TIM1_CC_IRQHandler
                0x0000000008000510                PVD_IRQHandler
                0x0000000008000510                EXTI3_IRQHandler
                0x0000000008000510                EXTI0_IRQHandler
                0x0000000008000510                I2C2_EV_IRQHandler
                0x0000000008000510                ADC1_2_IRQHandler
                0x0000000008000510                SPI1_IRQHandler
                0x0000000008000510                TAMPER_IRQHandler
                0x0000000008000510                DMA1_Channel4_IRQHandler
                0x0000000008000510                USART3_IRQHandler
                0x0000000008000510                RTC_IRQHandler
                0x0000000008000510                DMA1_Channel7_IRQHandler
                0x0000000008000510                CAN1_RX1_IRQHandler
                0x0000000008000510                TIM4_IRQHandler
                0x0000000008000510                I2C1_EV_IRQHandler
                0x0000000008000510                DMA1_Channel6_IRQHandler
                0x0000000008000510                TIM3_IRQHandler
                0x0000000008000510                RCC_IRQHandler
                0x0000000008000510                TIM1_TRG_COM_IRQHandler
                0x0000000008000510                DMA1_Channel1_IRQHandler
                0x0000000008000510                Default_Handler
                0x0000000008000510                EXTI15_10_IRQHandler
                0x0000000008000510                EXTI9_5_IRQHandler
                0x0000000008000510                SPI2_IRQHandler
                0x0000000008000510                DMA1_Channel5_IRQHandler
                0x0000000008000510                EXTI4_IRQHandler
                0x0000000008000510                USB_LP_CAN1_RX0_IRQHandler
                0x0000000008000510                USB_HP_CAN1_TX_IRQHandler
                0x0000000008000510                DMA1_Channel3_IRQHandler
                0x0000000008000510                WWDG_IRQHandler
                0x0000000008000510                TIM2_IRQHandler
                0x0000000008000510                TIM1_BRK_IRQHandler
                0x0000000008000510                EXTI1_IRQHandler
                0x0000000008000510                USART2_IRQHandler
                0x0000000008000510                I2C2_ER_IRQHandler
                0x0000000008000510                DMA1_Channel2_IRQHandler
                0x0000000008000510                CAN1_SCE_IRQHandler
                0x0000000008000510                FLASH_IRQHandler
                0x0000000008000510                USART1_IRQHandler
                0x0000000008000510                I2C1_ER_IRQHandler
                0x0000000008000510                USBWakeUp_IRQHandler
 .text.vListInitialise
                0x0000000008000512       0x3e Drivers/FreeRTOS/list.o
                0x0000000008000512                vListInitialise
 .text.vListInitialiseItem
                0x0000000008000550       0x18 Drivers/FreeRTOS/list.o
                0x0000000008000550                vListInitialiseItem
 .text.vListInsertEnd
                0x0000000008000568       0x46 Drivers/FreeRTOS/list.o
                0x0000000008000568                vListInsertEnd
 .text.vListInsert
                0x00000000080005ae       0x70 Drivers/FreeRTOS/list.o
                0x00000000080005ae                vListInsert
 .text.uxListRemove
                0x000000000800061e       0x52 Drivers/FreeRTOS/list.o
                0x000000000800061e                uxListRemove
 .text.xTaskCreate
                0x0000000008000670       0x82 Drivers/FreeRTOS/tasks.o
                0x0000000008000670                xTaskCreate
 .text.prvInitialiseNewTask
                0x00000000080006f2       0xe2 Drivers/FreeRTOS/tasks.o
 .text.prvAddNewTaskToReadyList
                0x00000000080007d4       0xd4 Drivers/FreeRTOS/tasks.o
 .text.vTaskDelayUntil
                0x00000000080008a8       0xa0 Drivers/FreeRTOS/tasks.o
                0x00000000080008a8                vTaskDelayUntil
 .text.vTaskStartScheduler
                0x0000000008000948       0x6c Drivers/FreeRTOS/tasks.o
                0x0000000008000948                vTaskStartScheduler
 .text.vTaskSuspendAll
                0x00000000080009b4       0x1c Drivers/FreeRTOS/tasks.o
                0x00000000080009b4                vTaskSuspendAll
 .text.xTaskResumeAll
                0x00000000080009d0      0x11c Drivers/FreeRTOS/tasks.o
                0x00000000080009d0                xTaskResumeAll
 .text.xTaskGetTickCount
                0x0000000008000aec       0x1c Drivers/FreeRTOS/tasks.o
                0x0000000008000aec                xTaskGetTickCount
 .text.xTaskIncrementTick
                0x0000000008000b08      0x150 Drivers/FreeRTOS/tasks.o
                0x0000000008000b08                xTaskIncrementTick
 .text.vTaskSwitchContext
                0x0000000008000c58       0x8c Drivers/FreeRTOS/tasks.o
                0x0000000008000c58                vTaskSwitchContext
 .text.prvIdleTask
                0x0000000008000ce4       0x30 Drivers/FreeRTOS/tasks.o
 .text.prvInitialiseTaskLists
                0x0000000008000d14       0x80 Drivers/FreeRTOS/tasks.o
 .text.prvCheckTasksWaitingTermination
                0x0000000008000d94       0x58 Drivers/FreeRTOS/tasks.o
 .text.prvDeleteTCB
                0x0000000008000dec       0x20 Drivers/FreeRTOS/tasks.o
 .text.prvResetNextTaskUnblockTime
                0x0000000008000e0c       0x40 Drivers/FreeRTOS/tasks.o
 .text.prvAddCurrentTaskToDelayedList
                0x0000000008000e4c       0xcc Drivers/FreeRTOS/tasks.o
 .text.pxPortInitialiseStack
                0x0000000008000f18       0x58 Drivers/FreeRTOS/portable/GCC/ARM_CM3/port.o
                0x0000000008000f18                pxPortInitialiseStack
 .text.prvTaskExitError
                0x0000000008000f70       0x2e Drivers/FreeRTOS/portable/GCC/ARM_CM3/port.o
 *fill*         0x0000000008000f9e        0x2 
 .text.SVC_Handler
                0x0000000008000fa0       0x28 Drivers/FreeRTOS/portable/GCC/ARM_CM3/port.o
                0x0000000008000fa0                SVC_Handler
 .text.prvPortStartFirstTask
                0x0000000008000fc8       0x20 Drivers/FreeRTOS/portable/GCC/ARM_CM3/port.o
 .text.xPortStartScheduler
                0x0000000008000fe8       0x40 Drivers/FreeRTOS/portable/GCC/ARM_CM3/port.o
                0x0000000008000fe8                xPortStartScheduler
 .text.vPortEnterCritical
                0x0000000008001028       0x30 Drivers/FreeRTOS/portable/GCC/ARM_CM3/port.o
                0x0000000008001028                vPortEnterCritical
 .text.vPortExitCritical
                0x0000000008001058       0x30 Drivers/FreeRTOS/portable/GCC/ARM_CM3/port.o
                0x0000000008001058                vPortExitCritical
 *fill*         0x0000000008001088        0x8 
 .text.PendSV_Handler
                0x0000000008001090       0x48 Drivers/FreeRTOS/portable/GCC/ARM_CM3/port.o
                0x0000000008001090                PendSV_Handler
 .text.SysTick_Handler
                0x00000000080010d8       0x40 Drivers/FreeRTOS/portable/GCC/ARM_CM3/port.o
                0x00000000080010d8                SysTick_Handler
 .text.vPortSetupTimerInterrupt
                0x0000000008001118       0x44 Drivers/FreeRTOS/portable/GCC/ARM_CM3/port.o
                0x0000000008001118                vPortSetupTimerInterrupt
 .text.pvPortMalloc
                0x000000000800115c      0x11c Drivers/FreeRTOS/portable/MemMang/heap_2.o
                0x000000000800115c                pvPortMalloc
 .text.vPortFree
                0x0000000008001278       0x74 Drivers/FreeRTOS/portable/MemMang/heap_2.o
                0x0000000008001278                vPortFree
 .text.prvHeapInit
                0x00000000080012ec       0x50 Drivers/FreeRTOS/portable/MemMang/heap_2.o
 .text.HAL_Init
                0x000000000800133c       0x2c Drivers/STM32F1xx_HAL_Driver/Src/stm32f1xx_hal.o
                0x000000000800133c                HAL_Init
 .text.HAL_IncTick
                0x0000000008001368       0x24 Drivers/STM32F1xx_HAL_Driver/Src/stm32f1xx_hal.o
                0x0000000008001368                HAL_IncTick
 .text.HAL_GetTick
                0x000000000800138c       0x14 Drivers/STM32F1xx_HAL_Driver/Src/stm32f1xx_hal.o
                0x000000000800138c                HAL_GetTick
 .text.__NVIC_SetPriorityGrouping
                0x00000000080013a0       0x48 Drivers/STM32F1xx_HAL_Driver/Src/stm32f1xx_hal_cortex.o
 .text.__NVIC_GetPriorityGrouping
                0x00000000080013e8       0x1c Drivers/STM32F1xx_HAL_Driver/Src/stm32f1xx_hal_cortex.o
 .text.__NVIC_EnableIRQ
                0x0000000008001404       0x38 Drivers/STM32F1xx_HAL_Driver/Src/stm32f1xx_hal_cortex.o
 .text.__NVIC_SetPriority
                0x000000000800143c       0x54 Drivers/STM32F1xx_HAL_Driver/Src/stm32f1xx_hal_cortex.o
 .text.NVIC_EncodePriority
                0x0000000008001490       0x64 Drivers/STM32F1xx_HAL_Driver/Src/stm32f1xx_hal_cortex.o
 .text.HAL_NVIC_SetPriorityGrouping
                0x00000000080014f4       0x16 Drivers/STM32F1xx_HAL_Driver/Src/stm32f1xx_hal_cortex.o
                0x00000000080014f4                HAL_NVIC_SetPriorityGrouping
 .text.HAL_NVIC_SetPriority
                0x000000000800150a       0x38 Drivers/STM32F1xx_HAL_Driver/Src/stm32f1xx_hal_cortex.o
                0x000000000800150a                HAL_NVIC_SetPriority
 .text.HAL_NVIC_EnableIRQ
                0x0000000008001542       0x1c Drivers/STM32F1xx_HAL_Driver/Src/stm32f1xx_hal_cortex.o
                0x0000000008001542                HAL_NVIC_EnableIRQ
 *fill*         0x000000000800155e        0x2 
 .text.HAL_GPIO_Init
                0x0000000008001560      0x2b4 Drivers/STM32F1xx_HAL_Driver/Src/stm32f1xx_hal_gpio.o
                0x0000000008001560                HAL_GPIO_Init
 .text.HAL_GPIO_WritePin
                0x0000000008001814       0x30 Drivers/STM32F1xx_HAL_Driver/Src/stm32f1xx_hal_gpio.o
                0x0000000008001814                HAL_GPIO_WritePin
 .text.HAL_GPIO_TogglePin
                0x0000000008001844       0x30 Drivers/STM32F1xx_HAL_Driver/Src/stm32f1xx_hal_gpio.o
                0x0000000008001844                HAL_GPIO_TogglePin
 .text.HAL_RCC_OscConfig
                0x0000000008001874      0x500 Drivers/STM32F1xx_HAL_Driver/Src/stm32f1xx_hal_rcc.o
                0x0000000008001874                HAL_RCC_OscConfig
 .text.HAL_RCC_ClockConfig
                0x0000000008001d74      0x1d4 Drivers/STM32F1xx_HAL_Driver/Src/stm32f1xx_hal_rcc.o
                0x0000000008001d74                HAL_RCC_ClockConfig
 .text.HAL_RCC_GetSysClockFreq
                0x0000000008001f48       0xc4 Drivers/STM32F1xx_HAL_Driver/Src/stm32f1xx_hal_rcc.o
                0x0000000008001f48                HAL_RCC_GetSysClockFreq
 .text.HAL_RCC_GetHCLKFreq
                0x000000000800200c       0x14 Drivers/STM32F1xx_HAL_Driver/Src/stm32f1xx_hal_rcc.o
                0x000000000800200c                HAL_RCC_GetHCLKFreq
 .text.HAL_RCC_GetPCLK2Freq
                0x0000000008002020       0x28 Drivers/STM32F1xx_HAL_Driver/Src/stm32f1xx_hal_rcc.o
                0x0000000008002020                HAL_RCC_GetPCLK2Freq
 .text.HAL_RCC_GetClockConfig
                0x0000000008002048       0x60 Drivers/STM32F1xx_HAL_Driver/Src/stm32f1xx_hal_rcc.o
                0x0000000008002048                HAL_RCC_GetClockConfig
 .text.RCC_Delay
                0x00000000080020a8       0x3c Drivers/STM32F1xx_HAL_Driver/Src/stm32f1xx_hal_rcc.o
 .text.HAL_TIM_Base_Init
                0x00000000080020e4       0x56 Drivers/STM32F1xx_HAL_Driver/Src/stm32f1xx_hal_tim.o
                0x00000000080020e4                HAL_TIM_Base_Init
 .text.HAL_TIM_Base_MspInit
                0x000000000800213a       0x12 Drivers/STM32F1xx_HAL_Driver/Src/stm32f1xx_hal_tim.o
                0x000000000800213a                HAL_TIM_Base_MspInit
 .text.HAL_TIM_Base_Start_IT
                0x000000000800214c       0x46 Drivers/STM32F1xx_HAL_Driver/Src/stm32f1xx_hal_tim.o
                0x000000000800214c                HAL_TIM_Base_Start_IT
 .text.HAL_TIM_IRQHandler
                0x0000000008002192      0x210 Drivers/STM32F1xx_HAL_Driver/Src/stm32f1xx_hal_tim.o
                0x0000000008002192                HAL_TIM_IRQHandler
 .text.HAL_TIM_OC_DelayElapsedCallback
                0x00000000080023a2       0x12 Drivers/STM32F1xx_HAL_Driver/Src/stm32f1xx_hal_tim.o
                0x00000000080023a2                HAL_TIM_OC_DelayElapsedCallback
 .text.HAL_TIM_IC_CaptureCallback
                0x00000000080023b4       0x12 Drivers/STM32F1xx_HAL_Driver/Src/stm32f1xx_hal_tim.o
                0x00000000080023b4                HAL_TIM_IC_CaptureCallback
 .text.HAL_TIM_PWM_PulseFinishedCallback
                0x00000000080023c6       0x12 Drivers/STM32F1xx_HAL_Driver/Src/stm32f1xx_hal_tim.o
                0x00000000080023c6                HAL_TIM_PWM_PulseFinishedCallback
 .text.HAL_TIM_TriggerCallback
                0x00000000080023d8       0x12 Drivers/STM32F1xx_HAL_Driver/Src/stm32f1xx_hal_tim.o
                0x00000000080023d8                HAL_TIM_TriggerCallback
 *fill*         0x00000000080023ea        0x2 
 .text.TIM_Base_SetConfig
                0x00000000080023ec       0xc4 Drivers/STM32F1xx_HAL_Driver/Src/stm32f1xx_hal_tim.o
                0x00000000080023ec                TIM_Base_SetConfig
 .text.HAL_TIMEx_CommutCallback
                0x00000000080024b0       0x12 Drivers/STM32F1xx_HAL_Driver/Src/stm32f1xx_hal_tim_ex.o
                0x00000000080024b0                HAL_TIMEx_CommutCallback
 .text.HAL_TIMEx_BreakCallback
                0x00000000080024c2       0x12 Drivers/STM32F1xx_HAL_Driver/Src/stm32f1xx_hal_tim_ex.o
                0x00000000080024c2                HAL_TIMEx_BreakCallback
 .text.__libc_init_array
                0x00000000080024d4       0x48 c:/st/stm32cubeide_1.3.0/stm32cubeide/plugins/com.st.stm32cube.ide.mcu.externaltools.gnu-tools-for-stm32.7-2018-q2-update.win32_1.0.0.201904181610/tools/bin/../lib/gcc/arm-none-eabi/7.3.1/../../../../arm-none-eabi/lib/thumb/v7-m\libc_nano.a(lib_a-init.o)
                0x00000000080024d4                __libc_init_array
 .text.memset   0x000000000800251c       0x10 c:/st/stm32cubeide_1.3.0/stm32cubeide/plugins/com.st.stm32cube.ide.mcu.externaltools.gnu-tools-for-stm32.7-2018-q2-update.win32_1.0.0.201904181610/tools/bin/../lib/gcc/arm-none-eabi/7.3.1/../../../../arm-none-eabi/lib/thumb/v7-m\libc_nano.a(lib_a-memset.o)
                0x000000000800251c                memset
 *(.glue_7)
 .glue_7        0x000000000800252c        0x0 linker stubs
 *(.glue_7t)
 .glue_7t       0x000000000800252c        0x0 linker stubs
 *(.eh_frame)
 .eh_frame      0x000000000800252c        0x0 c:/st/stm32cubeide_1.3.0/stm32cubeide/plugins/com.st.stm32cube.ide.mcu.externaltools.gnu-tools-for-stm32.7-2018-q2-update.win32_1.0.0.201904181610/tools/bin/../lib/gcc/arm-none-eabi/7.3.1/thumb/v7-m/crtbegin.o
 *(.init)
 .init          0x000000000800252c        0x4 c:/st/stm32cubeide_1.3.0/stm32cubeide/plugins/com.st.stm32cube.ide.mcu.externaltools.gnu-tools-for-stm32.7-2018-q2-update.win32_1.0.0.201904181610/tools/bin/../lib/gcc/arm-none-eabi/7.3.1/thumb/v7-m/crti.o
                0x000000000800252c                _init
 .init          0x0000000008002530        0x8 c:/st/stm32cubeide_1.3.0/stm32cubeide/plugins/com.st.stm32cube.ide.mcu.externaltools.gnu-tools-for-stm32.7-2018-q2-update.win32_1.0.0.201904181610/tools/bin/../lib/gcc/arm-none-eabi/7.3.1/thumb/v7-m/crtn.o
 *(.fini)
 .fini          0x0000000008002538        0x4 c:/st/stm32cubeide_1.3.0/stm32cubeide/plugins/com.st.stm32cube.ide.mcu.externaltools.gnu-tools-for-stm32.7-2018-q2-update.win32_1.0.0.201904181610/tools/bin/../lib/gcc/arm-none-eabi/7.3.1/thumb/v7-m/crti.o
                0x0000000008002538                _fini
 .fini          0x000000000800253c        0x8 c:/st/stm32cubeide_1.3.0/stm32cubeide/plugins/com.st.stm32cube.ide.mcu.externaltools.gnu-tools-for-stm32.7-2018-q2-update.win32_1.0.0.201904181610/tools/bin/../lib/gcc/arm-none-eabi/7.3.1/thumb/v7-m/crtn.o
                0x0000000008002544                . = ALIGN (0x4)
                0x0000000008002544                _etext = .

.vfp11_veneer   0x0000000008002544        0x0
 .vfp11_veneer  0x0000000008002544        0x0 linker stubs

.v4_bx          0x0000000008002544        0x0
 .v4_bx         0x0000000008002544        0x0 linker stubs

.iplt           0x0000000008002544        0x0
 .iplt          0x0000000008002544        0x0 c:/st/stm32cubeide_1.3.0/stm32cubeide/plugins/com.st.stm32cube.ide.mcu.externaltools.gnu-tools-for-stm32.7-2018-q2-update.win32_1.0.0.201904181610/tools/bin/../lib/gcc/arm-none-eabi/7.3.1/thumb/v7-m/crtbegin.o

.rodata         0x0000000008002544       0x3c
                0x0000000008002544                . = ALIGN (0x4)
 *(.rodata)
 .rodata        0x0000000008002544        0x8 Core/Src/main.o
 .rodata        0x000000000800254c        0x5 Drivers/FreeRTOS/tasks.o
 *fill*         0x0000000008002551        0x3 
 .rodata        0x0000000008002554       0x12 Drivers/STM32F1xx_HAL_Driver/Src/stm32f1xx_hal_rcc.o
 *(.rodata*)
 *fill*         0x0000000008002566        0x2 
 .rodata.AHBPrescTable
                0x0000000008002568       0x10 Core/Src/system_stm32f1xx.o
                0x0000000008002568                AHBPrescTable
 .rodata.APBPrescTable
                0x0000000008002578        0x8 Core/Src/system_stm32f1xx.o
                0x0000000008002578                APBPrescTable
                0x0000000008002580                . = ALIGN (0x4)

.rel.dyn        0x0000000008002580        0x0
 .rel.iplt      0x0000000008002580        0x0 c:/st/stm32cubeide_1.3.0/stm32cubeide/plugins/com.st.stm32cube.ide.mcu.externaltools.gnu-tools-for-stm32.7-2018-q2-update.win32_1.0.0.201904181610/tools/bin/../lib/gcc/arm-none-eabi/7.3.1/thumb/v7-m/crtbegin.o

.ARM.extab      0x0000000008002580        0x0
                0x0000000008002580                . = ALIGN (0x4)
 *(.ARM.extab* .gnu.linkonce.armextab.*)
                0x0000000008002580                . = ALIGN (0x4)

.ARM            0x0000000008002580        0x0
                0x0000000008002580                . = ALIGN (0x4)
                0x0000000008002580                __exidx_start = .
 *(.ARM.exidx*)
                0x0000000008002580                __exidx_end = .
                0x0000000008002580                . = ALIGN (0x4)

.preinit_array  0x0000000008002580        0x0
                0x0000000008002580                . = ALIGN (0x4)
                0x0000000008002580                PROVIDE (__preinit_array_start = .)
 *(.preinit_array*)
                0x0000000008002580                PROVIDE (__preinit_array_end = .)
                0x0000000008002580                . = ALIGN (0x4)

.init_array     0x0000000008002580        0x4
                0x0000000008002580                . = ALIGN (0x4)
                0x0000000008002580                PROVIDE (__init_array_start = .)
 *(SORT_BY_NAME(.init_array.*))
 *(.init_array*)
 .init_array    0x0000000008002580        0x4 c:/st/stm32cubeide_1.3.0/stm32cubeide/plugins/com.st.stm32cube.ide.mcu.externaltools.gnu-tools-for-stm32.7-2018-q2-update.win32_1.0.0.201904181610/tools/bin/../lib/gcc/arm-none-eabi/7.3.1/thumb/v7-m/crtbegin.o
                0x0000000008002584                PROVIDE (__init_array_end = .)
                0x0000000008002584                . = ALIGN (0x4)

.fini_array     0x0000000008002584        0x4
                0x0000000008002584                . = ALIGN (0x4)
                [!provide]                        PROVIDE (__fini_array_start = .)
 *(SORT_BY_NAME(.fini_array.*))
 *(.fini_array*)
 .fini_array    0x0000000008002584        0x4 c:/st/stm32cubeide_1.3.0/stm32cubeide/plugins/com.st.stm32cube.ide.mcu.externaltools.gnu-tools-for-stm32.7-2018-q2-update.win32_1.0.0.201904181610/tools/bin/../lib/gcc/arm-none-eabi/7.3.1/thumb/v7-m/crtbegin.o
                [!provide]                        PROVIDE (__fini_array_end = .)
                0x0000000008002588                . = ALIGN (0x4)
                0x0000000008002588                _sidata = LOADADDR (.data)

.data           0x0000000020000000       0x14 load address 0x0000000008002588
                0x0000000020000000                . = ALIGN (0x4)
                0x0000000020000000                _sdata = .
 *(.data)
 *(.data*)
 .data.SystemCoreClock
                0x0000000020000000        0x4 Core/Src/system_stm32f1xx.o
                0x0000000020000000                SystemCoreClock
 .data.uxCriticalNesting
                0x0000000020000004        0x4 Drivers/FreeRTOS/portable/GCC/ARM_CM3/port.o
 .data.xFreeBytesRemaining
                0x0000000020000008        0x4 Drivers/FreeRTOS/portable/MemMang/heap_2.o
 .data.uwTickPrio
                0x000000002000000c        0x4 Drivers/STM32F1xx_HAL_Driver/Src/stm32f1xx_hal.o
                0x000000002000000c                uwTickPrio
 .data.uwTickFreq
                0x0000000020000010        0x1 Drivers/STM32F1xx_HAL_Driver/Src/stm32f1xx_hal.o
                0x0000000020000010                uwTickFreq
                0x0000000020000014                . = ALIGN (0x4)
 *fill*         0x0000000020000011        0x3 
                0x0000000020000014                _edata = .

.igot.plt       0x0000000020000014        0x0 load address 0x000000000800259c
 .igot.plt      0x0000000020000014        0x0 c:/st/stm32cubeide_1.3.0/stm32cubeide/plugins/com.st.stm32cube.ide.mcu.externaltools.gnu-tools-for-stm32.7-2018-q2-update.win32_1.0.0.201904181610/tools/bin/../lib/gcc/arm-none-eabi/7.3.1/thumb/v7-m/crtbegin.o
                0x0000000020000014                . = ALIGN (0x4)

.bss            0x0000000020000014     0x217c load address 0x000000000800259c
                0x0000000020000014                _sbss = .
                0x0000000020000014                __bss_start__ = _sbss
 *(.bss)
 .bss           0x0000000020000014       0x1c c:/st/stm32cubeide_1.3.0/stm32cubeide/plugins/com.st.stm32cube.ide.mcu.externaltools.gnu-tools-for-stm32.7-2018-q2-update.win32_1.0.0.201904181610/tools/bin/../lib/gcc/arm-none-eabi/7.3.1/thumb/v7-m/crtbegin.o
 *(.bss*)
 .bss.pxCurrentTCB
                0x0000000020000030        0x4 Drivers/FreeRTOS/tasks.o
                0x0000000020000030                pxCurrentTCB
 .bss.pxReadyTasksLists
                0x0000000020000034       0x64 Drivers/FreeRTOS/tasks.o
 .bss.xDelayedTaskList1
                0x0000000020000098       0x14 Drivers/FreeRTOS/tasks.o
 .bss.xDelayedTaskList2
                0x00000000200000ac       0x14 Drivers/FreeRTOS/tasks.o
 .bss.pxDelayedTaskList
                0x00000000200000c0        0x4 Drivers/FreeRTOS/tasks.o
 .bss.pxOverflowDelayedTaskList
                0x00000000200000c4        0x4 Drivers/FreeRTOS/tasks.o
 .bss.xPendingReadyList
                0x00000000200000c8       0x14 Drivers/FreeRTOS/tasks.o
 .bss.xTasksWaitingTermination
                0x00000000200000dc       0x14 Drivers/FreeRTOS/tasks.o
 .bss.uxDeletedTasksWaitingCleanUp
                0x00000000200000f0        0x4 Drivers/FreeRTOS/tasks.o
 .bss.xSuspendedTaskList
                0x00000000200000f4       0x14 Drivers/FreeRTOS/tasks.o
 .bss.uxCurrentNumberOfTasks
                0x0000000020000108        0x4 Drivers/FreeRTOS/tasks.o
 .bss.xTickCount
                0x000000002000010c        0x4 Drivers/FreeRTOS/tasks.o
 .bss.uxTopReadyPriority
                0x0000000020000110        0x4 Drivers/FreeRTOS/tasks.o
 .bss.xSchedulerRunning
                0x0000000020000114        0x4 Drivers/FreeRTOS/tasks.o
 .bss.xPendedTicks
                0x0000000020000118        0x4 Drivers/FreeRTOS/tasks.o
 .bss.xYieldPending
                0x000000002000011c        0x4 Drivers/FreeRTOS/tasks.o
 .bss.xNumOfOverflows
                0x0000000020000120        0x4 Drivers/FreeRTOS/tasks.o
 .bss.uxTaskNumber
                0x0000000020000124        0x4 Drivers/FreeRTOS/tasks.o
 .bss.xNextTaskUnblockTime
                0x0000000020000128        0x4 Drivers/FreeRTOS/tasks.o
 .bss.xIdleTaskHandle
                0x000000002000012c        0x4 Drivers/FreeRTOS/tasks.o
 .bss.uxSchedulerSuspended
                0x0000000020000130        0x4 Drivers/FreeRTOS/tasks.o
 .bss.ucHeap    0x0000000020000134     0x2000 Drivers/FreeRTOS/portable/MemMang/heap_2.o
 .bss.xStart    0x0000000020002134        0x8 Drivers/FreeRTOS/portable/MemMang/heap_2.o
 .bss.xEnd      0x000000002000213c        0x8 Drivers/FreeRTOS/portable/MemMang/heap_2.o
 .bss.xHeapHasBeenInitialised.5129
                0x0000000020002144        0x4 Drivers/FreeRTOS/portable/MemMang/heap_2.o
 *(COMMON)
 COMMON         0x0000000020002148        0x4 Core/Src/main.o
                0x0000000020002148                taskLedHandle
 COMMON         0x000000002000214c       0x40 Core/Src/stm32f1xx_hal_timebase_tim.o
                0x000000002000214c                htim1
 COMMON         0x000000002000218c        0x4 Drivers/STM32F1xx_HAL_Driver/Src/stm32f1xx_hal.o
                0x000000002000218c                uwTick
                0x0000000020002190                . = ALIGN (0x4)
                0x0000000020002190                _ebss = .
                0x0000000020002190                __bss_end__ = _ebss

._user_heap_stack
                0x0000000020002190      0x600 load address 0x000000000800259c
                0x0000000020002190                . = ALIGN (0x8)
                0x0000000020002190                PROVIDE (end = .)
                [!provide]                        PROVIDE (_end = .)
                0x0000000020002390                . = (. + _Min_Heap_Size)
 *fill*         0x0000000020002190      0x200 
                0x0000000020002790                . = (. + _Min_Stack_Size)
 *fill*         0x0000000020002390      0x400 
                0x0000000020002790                . = ALIGN (0x8)

/DISCARD/
 libc.a(*)
 libm.a(*)
 libgcc.a(*)

.ARM.attributes
                0x0000000000000000       0x29
 *(.ARM.attributes)
 .ARM.attributes
                0x0000000000000000       0x1d c:/st/stm32cubeide_1.3.0/stm32cubeide/plugins/com.st.stm32cube.ide.mcu.externaltools.gnu-tools-for-stm32.7-2018-q2-update.win32_1.0.0.201904181610/tools/bin/../lib/gcc/arm-none-eabi/7.3.1/thumb/v7-m/crti.o
 .ARM.attributes
                0x000000000000001d       0x2d c:/st/stm32cubeide_1.3.0/stm32cubeide/plugins/com.st.stm32cube.ide.mcu.externaltools.gnu-tools-for-stm32.7-2018-q2-update.win32_1.0.0.201904181610/tools/bin/../lib/gcc/arm-none-eabi/7.3.1/thumb/v7-m/crtbegin.o
 .ARM.attributes
                0x000000000000004a       0x33 Core/Src/main.o
 .ARM.attributes
                0x000000000000007d       0x33 Core/Src/stm32f1xx_hal_msp.o
 .ARM.attributes
                0x00000000000000b0       0x33 Core/Src/stm32f1xx_hal_timebase_tim.o
 .ARM.attributes
                0x00000000000000e3       0x33 Core/Src/stm32f1xx_it.o
 .ARM.attributes
                0x0000000000000116       0x33 Core/Src/system_stm32f1xx.o
 .ARM.attributes
                0x0000000000000149       0x21 Core/Startup/startup_stm32f103c8tx.o
 .ARM.attributes
                0x000000000000016a       0x33 Drivers/FreeRTOS/list.o
 .ARM.attributes
                0x000000000000019d       0x33 Drivers/FreeRTOS/tasks.o
 .ARM.attributes
                0x00000000000001d0       0x33 Drivers/FreeRTOS/portable/GCC/ARM_CM3/port.o
 .ARM.attributes
                0x0000000000000203       0x33 Drivers/FreeRTOS/portable/MemMang/heap_2.o
 .ARM.attributes
                0x0000000000000236       0x33 Drivers/STM32F1xx_HAL_Driver/Src/stm32f1xx_hal.o
 .ARM.attributes
                0x0000000000000269       0x33 Drivers/STM32F1xx_HAL_Driver/Src/stm32f1xx_hal_cortex.o
 .ARM.attributes
                0x000000000000029c       0x33 Drivers/STM32F1xx_HAL_Driver/Src/stm32f1xx_hal_gpio.o
 .ARM.attributes
                0x00000000000002cf       0x33 Drivers/STM32F1xx_HAL_Driver/Src/stm32f1xx_hal_rcc.o
 .ARM.attributes
                0x0000000000000302       0x33 Drivers/STM32F1xx_HAL_Driver/Src/stm32f1xx_hal_tim.o
 .ARM.attributes
                0x0000000000000335       0x33 Drivers/STM32F1xx_HAL_Driver/Src/stm32f1xx_hal_tim_ex.o
 .ARM.attributes
                0x0000000000000368       0x2d c:/st/stm32cubeide_1.3.0/stm32cubeide/plugins/com.st.stm32cube.ide.mcu.externaltools.gnu-tools-for-stm32.7-2018-q2-update.win32_1.0.0.201904181610/tools/bin/../lib/gcc/arm-none-eabi/7.3.1/../../../../arm-none-eabi/lib/thumb/v7-m\libc_nano.a(lib_a-init.o)
 .ARM.attributes
                0x0000000000000395       0x2d c:/st/stm32cubeide_1.3.0/stm32cubeide/plugins/com.st.stm32cube.ide.mcu.externaltools.gnu-tools-for-stm32.7-2018-q2-update.win32_1.0.0.201904181610/tools/bin/../lib/gcc/arm-none-eabi/7.3.1/../../../../arm-none-eabi/lib/thumb/v7-m\libc_nano.a(lib_a-memset.o)
 .ARM.attributes
                0x00000000000003c2       0x1d c:/st/stm32cubeide_1.3.0/stm32cubeide/plugins/com.st.stm32cube.ide.mcu.externaltools.gnu-tools-for-stm32.7-2018-q2-update.win32_1.0.0.201904181610/tools/bin/../lib/gcc/arm-none-eabi/7.3.1/thumb/v7-m/crtn.o
OUTPUT(bluepill-freeRTOS-base.elf elf32-littlearm)

.debug_info     0x0000000000000000     0xabdc
 .debug_info    0x0000000000000000      0x9f4 Core/Src/main.o
 .debug_info    0x00000000000009f4      0x2cb Core/Src/stm32f1xx_hal_msp.o
 .debug_info    0x0000000000000cbf      0x8e8 Core/Src/stm32f1xx_hal_timebase_tim.o
 .debug_info    0x00000000000015a7      0x698 Core/Src/stm32f1xx_it.o
 .debug_info    0x0000000000001c3f      0x433 Core/Src/system_stm32f1xx.o
 .debug_info    0x0000000000002072       0x22 Core/Startup/startup_stm32f103c8tx.o
 .debug_info    0x0000000000002094      0xacb Drivers/FreeRTOS/list.o
 .debug_info    0x0000000000002b5f     0x1c7c Drivers/FreeRTOS/tasks.o
 .debug_info    0x00000000000047db      0x2ea Drivers/FreeRTOS/portable/GCC/ARM_CM3/port.o
 .debug_info    0x0000000000004ac5      0xaf4 Drivers/FreeRTOS/portable/MemMang/heap_2.o
 .debug_info    0x00000000000055b9      0x6fe Drivers/STM32F1xx_HAL_Driver/Src/stm32f1xx_hal.o
 .debug_info    0x0000000000005cb7      0xb46 Drivers/STM32F1xx_HAL_Driver/Src/stm32f1xx_hal_cortex.o
 .debug_info    0x00000000000067fd      0x681 Drivers/STM32F1xx_HAL_Driver/Src/stm32f1xx_hal_gpio.o
 .debug_info    0x0000000000006e7e      0x804 Drivers/STM32F1xx_HAL_Driver/Src/stm32f1xx_hal_rcc.o
 .debug_info    0x0000000000007682     0x2456 Drivers/STM32F1xx_HAL_Driver/Src/stm32f1xx_hal_tim.o
 .debug_info    0x0000000000009ad8     0x1104 Drivers/STM32F1xx_HAL_Driver/Src/stm32f1xx_hal_tim_ex.o

.debug_abbrev   0x0000000000000000     0x1d50
 .debug_abbrev  0x0000000000000000      0x201 Core/Src/main.o
 .debug_abbrev  0x0000000000000201      0x109 Core/Src/stm32f1xx_hal_msp.o
 .debug_abbrev  0x000000000000030a      0x19d Core/Src/stm32f1xx_hal_timebase_tim.o
 .debug_abbrev  0x00000000000004a7      0x15a Core/Src/stm32f1xx_it.o
 .debug_abbrev  0x0000000000000601      0x134 Core/Src/system_stm32f1xx.o
 .debug_abbrev  0x0000000000000735       0x12 Core/Startup/startup_stm32f103c8tx.o
 .debug_abbrev  0x0000000000000747      0x1cf Drivers/FreeRTOS/list.o
 .debug_abbrev  0x0000000000000916      0x338 Drivers/FreeRTOS/tasks.o
 .debug_abbrev  0x0000000000000c4e      0x1dc Drivers/FreeRTOS/portable/GCC/ARM_CM3/port.o
 .debug_abbrev  0x0000000000000e2a      0x228 Drivers/FreeRTOS/portable/MemMang/heap_2.o
 .debug_abbrev  0x0000000000001052      0x1d8 Drivers/STM32F1xx_HAL_Driver/Src/stm32f1xx_hal.o
 .debug_abbrev  0x000000000000122a      0x2d5 Drivers/STM32F1xx_HAL_Driver/Src/stm32f1xx_hal_cortex.o
 .debug_abbrev  0x00000000000014ff      0x1c0 Drivers/STM32F1xx_HAL_Driver/Src/stm32f1xx_hal_gpio.o
 .debug_abbrev  0x00000000000016bf      0x243 Drivers/STM32F1xx_HAL_Driver/Src/stm32f1xx_hal_rcc.o
 .debug_abbrev  0x0000000000001902      0x230 Drivers/STM32F1xx_HAL_Driver/Src/stm32f1xx_hal_tim.o
 .debug_abbrev  0x0000000000001b32      0x21e Drivers/STM32F1xx_HAL_Driver/Src/stm32f1xx_hal_tim_ex.o

.debug_aranges  0x0000000000000000      0xb88
 .debug_aranges
                0x0000000000000000       0x48 Core/Src/main.o
 .debug_aranges
                0x0000000000000048       0x20 Core/Src/stm32f1xx_hal_msp.o
 .debug_aranges
                0x0000000000000068       0x30 Core/Src/stm32f1xx_hal_timebase_tim.o
 .debug_aranges
                0x0000000000000098       0x68 Core/Src/stm32f1xx_it.o
 .debug_aranges
                0x0000000000000100       0x28 Core/Src/system_stm32f1xx.o
 .debug_aranges
                0x0000000000000128       0x28 Core/Startup/startup_stm32f103c8tx.o
 .debug_aranges
                0x0000000000000150       0x40 Drivers/FreeRTOS/list.o
 .debug_aranges
                0x0000000000000190      0x188 Drivers/FreeRTOS/tasks.o
 .debug_aranges
                0x0000000000000318       0x70 Drivers/FreeRTOS/portable/GCC/ARM_CM3/port.o
 .debug_aranges
                0x0000000000000388       0x40 Drivers/FreeRTOS/portable/MemMang/heap_2.o
 .debug_aranges
                0x00000000000003c8       0xe0 Drivers/STM32F1xx_HAL_Driver/Src/stm32f1xx_hal.o
 .debug_aranges
                0x00000000000004a8      0x100 Drivers/STM32F1xx_HAL_Driver/Src/stm32f1xx_hal_cortex.o
 .debug_aranges
                0x00000000000005a8       0x58 Drivers/STM32F1xx_HAL_Driver/Src/stm32f1xx_hal_gpio.o
 .debug_aranges
                0x0000000000000600       0x90 Drivers/STM32F1xx_HAL_Driver/Src/stm32f1xx_hal_rcc.o
 .debug_aranges
                0x0000000000000690      0x3a8 Drivers/STM32F1xx_HAL_Driver/Src/stm32f1xx_hal_tim.o
 .debug_aranges
                0x0000000000000a38      0x150 Drivers/STM32F1xx_HAL_Driver/Src/stm32f1xx_hal_tim_ex.o

.debug_ranges   0x0000000000000000      0xa90
 .debug_ranges  0x0000000000000000       0x38 Core/Src/main.o
 .debug_ranges  0x0000000000000038       0x10 Core/Src/stm32f1xx_hal_msp.o
 .debug_ranges  0x0000000000000048       0x20 Core/Src/stm32f1xx_hal_timebase_tim.o
 .debug_ranges  0x0000000000000068       0x58 Core/Src/stm32f1xx_it.o
 .debug_ranges  0x00000000000000c0       0x18 Core/Src/system_stm32f1xx.o
 .debug_ranges  0x00000000000000d8       0x20 Core/Startup/startup_stm32f103c8tx.o
 .debug_ranges  0x00000000000000f8       0x30 Drivers/FreeRTOS/list.o
 .debug_ranges  0x0000000000000128      0x178 Drivers/FreeRTOS/tasks.o
 .debug_ranges  0x00000000000002a0       0x60 Drivers/FreeRTOS/portable/GCC/ARM_CM3/port.o
 .debug_ranges  0x0000000000000300       0x30 Drivers/FreeRTOS/portable/MemMang/heap_2.o
 .debug_ranges  0x0000000000000330       0xd0 Drivers/STM32F1xx_HAL_Driver/Src/stm32f1xx_hal.o
 .debug_ranges  0x0000000000000400       0xf0 Drivers/STM32F1xx_HAL_Driver/Src/stm32f1xx_hal_cortex.o
 .debug_ranges  0x00000000000004f0       0x48 Drivers/STM32F1xx_HAL_Driver/Src/stm32f1xx_hal_gpio.o
 .debug_ranges  0x0000000000000538       0x80 Drivers/STM32F1xx_HAL_Driver/Src/stm32f1xx_hal_rcc.o
 .debug_ranges  0x00000000000005b8      0x398 Drivers/STM32F1xx_HAL_Driver/Src/stm32f1xx_hal_tim.o
 .debug_ranges  0x0000000000000950      0x140 Drivers/STM32F1xx_HAL_Driver/Src/stm32f1xx_hal_tim_ex.o

.debug_macro    0x0000000000000000    0x1430c
 .debug_macro   0x0000000000000000      0x20d Core/Src/main.o
 .debug_macro   0x000000000000020d      0xa5a Core/Src/main.o
 .debug_macro   0x0000000000000c67      0x215 Core/Src/main.o
 .debug_macro   0x0000000000000e7c       0x2e Core/Src/main.o
 .debug_macro   0x0000000000000eaa       0x22 Core/Src/main.o
 .debug_macro   0x0000000000000ecc       0x22 Core/Src/main.o
 .debug_macro   0x0000000000000eee       0x8e Core/Src/main.o
 .debug_macro   0x0000000000000f7c       0x51 Core/Src/main.o
 .debug_macro   0x0000000000000fcd       0xef Core/Src/main.o
 .debug_macro   0x00000000000010bc       0x6a Core/Src/main.o
 .debug_macro   0x0000000000001126      0x1df Core/Src/main.o
 .debug_macro   0x0000000000001305       0x1c Core/Src/main.o
 .debug_macro   0x0000000000001321       0x22 Core/Src/main.o
 .debug_macro   0x0000000000001343       0xc3 Core/Src/main.o
 .debug_macro   0x0000000000001406      0xd23 Core/Src/main.o
 .debug_macro   0x0000000000002129     0xe09e Core/Src/main.o
 .debug_macro   0x00000000000101c7       0x43 Core/Src/main.o
 .debug_macro   0x000000000001020a      0x174 Core/Src/main.o
 .debug_macro   0x000000000001037e       0x5a Core/Src/main.o
 .debug_macro   0x00000000000103d8      0x5be Core/Src/main.o
 .debug_macro   0x0000000000010996      0x289 Core/Src/main.o
 .debug_macro   0x0000000000010c1f      0x1cb Core/Src/main.o
 .debug_macro   0x0000000000010dea      0x114 Core/Src/main.o
 .debug_macro   0x0000000000010efe      0x1b2 Core/Src/main.o
 .debug_macro   0x00000000000110b0       0x27 Core/Src/main.o
 .debug_macro   0x00000000000110d7      0x136 Core/Src/main.o
 .debug_macro   0x000000000001120d      0x1bc Core/Src/main.o
 .debug_macro   0x00000000000113c9       0x34 Core/Src/main.o
 .debug_macro   0x00000000000113fd       0x3c Core/Src/main.o
 .debug_macro   0x0000000000011439       0x57 Core/Src/main.o
 .debug_macro   0x0000000000011490       0x88 Core/Src/main.o
 .debug_macro   0x0000000000011518      0x241 Core/Src/main.o
 .debug_macro   0x0000000000011759      0x141 Core/Src/main.o
 .debug_macro   0x000000000001189a      0x88b Core/Src/main.o
 .debug_macro   0x0000000000012125       0x83 Core/Src/main.o
 .debug_macro   0x00000000000121a8       0x10 Core/Src/main.o
 .debug_macro   0x00000000000121b8       0xac Core/Src/main.o
 .debug_macro   0x0000000000012264      0x15a Core/Src/main.o
 .debug_macro   0x00000000000123be       0xdd Core/Src/main.o
 .debug_macro   0x000000000001249b       0x1c Core/Src/main.o
 .debug_macro   0x00000000000124b7       0x26 Core/Src/main.o
 .debug_macro   0x00000000000124dd      0x551 Core/Src/main.o
 .debug_macro   0x0000000000012a2e       0xb5 Core/Src/main.o
 .debug_macro   0x0000000000012ae3       0xaa Core/Src/main.o
 .debug_macro   0x0000000000012b8d      0x19f Core/Src/stm32f1xx_hal_msp.o
 .debug_macro   0x0000000000012d2c      0x190 Core/Src/stm32f1xx_hal_timebase_tim.o
 .debug_macro   0x0000000000012ebc      0x1a9 Core/Src/stm32f1xx_it.o
 .debug_macro   0x0000000000013065      0x196 Core/Src/system_stm32f1xx.o
 .debug_macro   0x00000000000131fb      0x17a Drivers/FreeRTOS/list.o
 .debug_macro   0x0000000000013375      0x26c Drivers/FreeRTOS/tasks.o
 .debug_macro   0x00000000000135e1       0x10 Drivers/FreeRTOS/tasks.o
 .debug_macro   0x00000000000135f1      0x172 Drivers/FreeRTOS/portable/GCC/ARM_CM3/port.o
 .debug_macro   0x0000000000013763      0x1a7 Drivers/FreeRTOS/portable/MemMang/heap_2.o
 .debug_macro   0x000000000001390a      0x1b4 Drivers/STM32F1xx_HAL_Driver/Src/stm32f1xx_hal.o
 .debug_macro   0x0000000000013abe      0x190 Drivers/STM32F1xx_HAL_Driver/Src/stm32f1xx_hal_cortex.o
 .debug_macro   0x0000000000013c4e      0x1fb Drivers/STM32F1xx_HAL_Driver/Src/stm32f1xx_hal_gpio.o
 .debug_macro   0x0000000000013e49      0x1a2 Drivers/STM32F1xx_HAL_Driver/Src/stm32f1xx_hal_rcc.o
 .debug_macro   0x0000000000013feb      0x191 Drivers/STM32F1xx_HAL_Driver/Src/stm32f1xx_hal_tim.o
 .debug_macro   0x000000000001417c      0x190 Drivers/STM32F1xx_HAL_Driver/Src/stm32f1xx_hal_tim_ex.o

.debug_line     0x0000000000000000     0x8db5
 .debug_line    0x0000000000000000      0x8ec Core/Src/main.o
 .debug_line    0x00000000000008ec      0x61f Core/Src/stm32f1xx_hal_msp.o
 .debug_line    0x0000000000000f0b      0x652 Core/Src/stm32f1xx_hal_timebase_tim.o
 .debug_line    0x000000000000155d      0x6d3 Core/Src/stm32f1xx_it.o
 .debug_line    0x0000000000001c30      0x64f Core/Src/system_stm32f1xx.o
 .debug_line    0x000000000000227f       0x84 Core/Startup/startup_stm32f103c8tx.o
 .debug_line    0x0000000000002303      0x805 Drivers/FreeRTOS/list.o
 .debug_line    0x0000000000002b08      0xf34 Drivers/FreeRTOS/tasks.o
 .debug_line    0x0000000000003a3c      0x6e2 Drivers/FreeRTOS/portable/GCC/ARM_CM3/port.o
 .debug_line    0x000000000000411e      0x859 Drivers/FreeRTOS/portable/MemMang/heap_2.o
 .debug_line    0x0000000000004977      0x7f7 Drivers/STM32F1xx_HAL_Driver/Src/stm32f1xx_hal.o
 .debug_line    0x000000000000516e      0x8d0 Drivers/STM32F1xx_HAL_Driver/Src/stm32f1xx_hal_cortex.o
 .debug_line    0x0000000000005a3e      0x7f7 Drivers/STM32F1xx_HAL_Driver/Src/stm32f1xx_hal_gpio.o
 .debug_line    0x0000000000006235      0x8b9 Drivers/STM32F1xx_HAL_Driver/Src/stm32f1xx_hal_rcc.o
 .debug_line    0x0000000000006aee     0x16bd Drivers/STM32F1xx_HAL_Driver/Src/stm32f1xx_hal_tim.o
 .debug_line    0x00000000000081ab      0xc0a Drivers/STM32F1xx_HAL_Driver/Src/stm32f1xx_hal_tim_ex.o

.debug_str      0x0000000000000000    0x74814
 .debug_str     0x0000000000000000    0x6ce4a Core/Src/main.o
                                      0x6d160 (size before relaxing)
 .debug_str     0x000000000006ce4a       0x5a Core/Src/stm32f1xx_hal_msp.o
                                      0x68e52 (size before relaxing)
 .debug_str     0x000000000006cea4      0x30e Core/Src/stm32f1xx_hal_timebase_tim.o
                                      0x69573 (size before relaxing)
 .debug_str     0x000000000006d1b2       0x92 Core/Src/stm32f1xx_it.o
                                      0x6923a (size before relaxing)
 .debug_str     0x000000000006d244       0xc2 Core/Src/system_stm32f1xx.o
                                      0x68e91 (size before relaxing)
 .debug_str     0x000000000006d306       0x36 Core/Startup/startup_stm32f103c8tx.o
                                         0xbb (size before relaxing)
 .debug_str     0x000000000006d33c     0x313e Drivers/FreeRTOS/list.o
                                       0xa7dd (size before relaxing)
 .debug_str     0x000000000007047a     0x1a34 Drivers/FreeRTOS/tasks.o
                                       0xc83d (size before relaxing)
 .debug_str     0x0000000000071eae      0x67f Drivers/FreeRTOS/portable/GCC/ARM_CM3/port.o
                                       0x83b3 (size before relaxing)
 .debug_str     0x000000000007252d      0x3d1 Drivers/FreeRTOS/portable/MemMang/heap_2.o
                                       0xb0ea (size before relaxing)
 .debug_str     0x00000000000728fe      0x37a Drivers/STM32F1xx_HAL_Driver/Src/stm32f1xx_hal.o
                                      0x694a2 (size before relaxing)
 .debug_str     0x0000000000072c78      0x2c8 Drivers/STM32F1xx_HAL_Driver/Src/stm32f1xx_hal_cortex.o
                                      0x694b0 (size before relaxing)
 .debug_str     0x0000000000072f40      0x324 Drivers/STM32F1xx_HAL_Driver/Src/stm32f1xx_hal_gpio.o
                                      0x691db (size before relaxing)
 .debug_str     0x0000000000073264      0x259 Drivers/STM32F1xx_HAL_Driver/Src/stm32f1xx_hal_rcc.o
                                      0x69214 (size before relaxing)
 .debug_str     0x00000000000734bd      0xdde Drivers/STM32F1xx_HAL_Driver/Src/stm32f1xx_hal_tim.o
                                      0x69fdf (size before relaxing)
 .debug_str     0x000000000007429b      0x579 Drivers/STM32F1xx_HAL_Driver/Src/stm32f1xx_hal_tim_ex.o
                                      0x697df (size before relaxing)

.comment        0x0000000000000000       0x7b
 .comment       0x0000000000000000       0x7b Core/Src/main.o
                                         0x7c (size before relaxing)
 .comment       0x000000000000007b       0x7c Core/Src/stm32f1xx_hal_msp.o
 .comment       0x000000000000007b       0x7c Core/Src/stm32f1xx_hal_timebase_tim.o
 .comment       0x000000000000007b       0x7c Core/Src/stm32f1xx_it.o
 .comment       0x000000000000007b       0x7c Core/Src/system_stm32f1xx.o
 .comment       0x000000000000007b       0x7c Drivers/FreeRTOS/list.o
 .comment       0x000000000000007b       0x7c Drivers/FreeRTOS/tasks.o
 .comment       0x000000000000007b       0x7c Drivers/FreeRTOS/portable/GCC/ARM_CM3/port.o
 .comment       0x000000000000007b       0x7c Drivers/FreeRTOS/portable/MemMang/heap_2.o
 .comment       0x000000000000007b       0x7c Drivers/STM32F1xx_HAL_Driver/Src/stm32f1xx_hal.o
 .comment       0x000000000000007b       0x7c Drivers/STM32F1xx_HAL_Driver/Src/stm32f1xx_hal_cortex.o
 .comment       0x000000000000007b       0x7c Drivers/STM32F1xx_HAL_Driver/Src/stm32f1xx_hal_gpio.o
 .comment       0x000000000000007b       0x7c Drivers/STM32F1xx_HAL_Driver/Src/stm32f1xx_hal_rcc.o
 .comment       0x000000000000007b       0x7c Drivers/STM32F1xx_HAL_Driver/Src/stm32f1xx_hal_tim.o
 .comment       0x000000000000007b       0x7c Drivers/STM32F1xx_HAL_Driver/Src/stm32f1xx_hal_tim_ex.o

.debug_frame    0x0000000000000000     0x2e50
 .debug_frame   0x0000000000000000       0xd4 Core/Src/main.o
 .debug_frame   0x00000000000000d4       0x38 Core/Src/stm32f1xx_hal_msp.o
 .debug_frame   0x000000000000010c       0x74 Core/Src/stm32f1xx_hal_timebase_tim.o
 .debug_frame   0x0000000000000180      0x12c Core/Src/stm32f1xx_it.o
 .debug_frame   0x00000000000002ac       0x58 Core/Src/system_stm32f1xx.o
 .debug_frame   0x0000000000000304       0xd8 Drivers/FreeRTOS/list.o
 .debug_frame   0x00000000000003dc      0x69c Drivers/FreeRTOS/tasks.o
 .debug_frame   0x0000000000000a78      0x160 Drivers/FreeRTOS/portable/GCC/ARM_CM3/port.o
 .debug_frame   0x0000000000000bd8       0xc0 Drivers/FreeRTOS/portable/MemMang/heap_2.o
 .debug_frame   0x0000000000000c98      0x334 Drivers/STM32F1xx_HAL_Driver/Src/stm32f1xx_hal.o
 .debug_frame   0x0000000000000fcc      0x428 Drivers/STM32F1xx_HAL_Driver/Src/stm32f1xx_hal_cortex.o
 .debug_frame   0x00000000000013f4      0x14c Drivers/STM32F1xx_HAL_Driver/Src/stm32f1xx_hal_gpio.o
 .debug_frame   0x0000000000001540      0x21c Drivers/STM32F1xx_HAL_Driver/Src/stm32f1xx_hal_rcc.o
 .debug_frame   0x000000000000175c     0x10e8 Drivers/STM32F1xx_HAL_Driver/Src/stm32f1xx_hal_tim.o
 .debug_frame   0x0000000000002844      0x5c0 Drivers/STM32F1xx_HAL_Driver/Src/stm32f1xx_hal_tim_ex.o
 .debug_frame   0x0000000000002e04       0x2c c:/st/stm32cubeide_1.3.0/stm32cubeide/plugins/com.st.stm32cube.ide.mcu.externaltools.gnu-tools-for-stm32.7-2018-q2-update.win32_1.0.0.201904181610/tools/bin/../lib/gcc/arm-none-eabi/7.3.1/../../../../arm-none-eabi/lib/thumb/v7-m\libc_nano.a(lib_a-init.o)
 .debug_frame   0x0000000000002e30       0x20 c:/st/stm32cubeide_1.3.0/stm32cubeide/plugins/com.st.stm32cube.ide.mcu.externaltools.gnu-tools-for-stm32.7-2018-q2-update.win32_1.0.0.201904181610/tools/bin/../lib/gcc/arm-none-eabi/7.3.1/../../../../arm-none-eabi/lib/thumb/v7-m\libc_nano.a(lib_a-memset.o)
